ubuntu@ubuntu1804:~/Operationalize-a-Machine-Learning-Microservice-API$ minikube start
😄  minikube v1.30.1 on Ubuntu 18.04
✨  Using the docker driver based on existing profile

🧯  The requested memory allocation of 1952MiB does not leave room for system overhead (total system memory: 1952MiB). You may face stability issues.
💡  Suggestion: Start minikube with less memory allocated: 'minikube start --memory=1952mb'

👍  Starting control plane node minikube in cluster minikube
🚜  Pulling base image ...
🏃  Updating the running docker "minikube" container ...
🐳  Preparing Kubernetes v1.26.3 on Docker 23.0.2 ...
🔗  Configuring bridge CNI (Container Networking Interface) ...
🔎  Verifying Kubernetes components...
    ▪ Using image gcr.io/k8s-minikube/storage-provisioner:v5
🌟  Enabled addons: default-storageclass, storage-provisioner
🏄  Done! kubectl is now configured to use "minikube" cluster and "default" namespace by default
ubuntu@ubuntu1804:~/Operationalize-a-Machine-Learning-Microservice-API$ ./run_kubernetes.sh 
pod/housing-price-k8s created
NAME                READY   STATUS              RESTARTS   AGE
housing-price-k8s   0/1     ContainerCreating   0          1s
error: unable to forward port because pod is not running. Current status=Pending
ubuntu@ubuntu1804:~/Operationalize-a-Machine-Learning-Microservice-API$ kubectl get nodes
NAME       STATUS   ROLES    AGE   VERSION
minikube   Ready    <none>   59s   v1.26.3
ubuntu@ubuntu1804:~/Operationalize-a-Machine-Learning-Microservice-API$ kubectl get pods
NAME                READY   STATUS    RESTARTS   AGE
housing-price-k8s   1/1     Running   0          46s
ubuntu@ubuntu1804:~/Operationalize-a-Machine-Learning-Microservice-API$ ./run_kubernetes.sh 
Error from server (AlreadyExists): pods "housing-price-k8s" already exists
NAME                READY   STATUS    RESTARTS   AGE
housing-price-k8s   1/1     Running   0          57s
Forwarding from 127.0.0.1:8000 -> 80
Forwarding from [::1]:8000 -> 80
Handling connection for 8000
Handling connection for 8000
